2026-09-11 14:09:01.651: [INFO] CurrentProfilePath: G:\wb\2026-09-11-18-55-22\ai-hub\.edge-static\Default
2026-09-11 14:09:01.651: [INFO] Profiles total count: 1
2026-09-11 14:09:01.651: [INFO] Profile: name=用户配置 1 path=G:\wb\2026-09-11-18-55-22\ai-hub\.edge-static\Default lastActive=null
2026-09-11 14:09:01.651: [INFO] LastUsedProfileDir: G:\wb\2026-09-11-18-55-22\ai-hub\.edge-static\Default
2026-09-11 14:09:01.651: [INFO] VisibilityChanged: 0
2026-09-11 14:09:01.687: [INFO] RecordSyncInitDuration has_sync_been_enabled: 0 state: 0
2026-09-11 14:09:01.689: [INFO] RecordSyncInitDuration has_sync_been_enabled: 0 state: 0
2026-09-11 14:09:01.690: [INFO] RecordSyncInitDuration has_sync_been_enabled: 0 state: 0
2026-09-11 14:09:01.691: [INFO] RecordSyncInitDuration has_sync_been_enabled: 0 state: 0
2026-09-11 14:09:01.692: [INFO] RecordSyncInitDuration has_sync_been_enabled: 0 state: 0
2026-09-11 14:09:01.694: [INFO] RecordSyncInitDuration has_sync_been_enabled: 0 state: 0
2026-09-11 14:09:01.695: [INFO] RecordSyncInitDuration has_sync_been_enabled: 0 state: 0
2026-09-11 14:09:01.696: [INFO] RecordSyncInitDuration has_sync_been_enabled: 0 state: 0
2026-09-11 14:09:01.697: [INFO] RecordSyncInitDuration has_sync_been_enabled: 0 state: 0
2026-09-11 14:09:01.698: [INFO] RecordSyncInitDuration has_sync_been_enabled: 0 state: 0
2026-09-11 14:09:01.725: [INFO] OnDoneLoading sync enabled: 0
2026-09-11 14:09:01.725: [INFO] BookmarkModelLoaded, ids_reassigned: 0
2026-09-11 14:09:01.725: [INFO] BookmarksLoadDropped droppedNodes=0
2026-09-11 14:09:01.726: [INFO] BookmarksSnapshot Startup total=0 bar=0 other=0 mobile=0 showBar=0 showBarNTP=1
2026-09-11 14:09:01.730: [INFO] RecordSyncInitDuration has_sync_been_enabled: 0 state: 0
2026-09-11 14:09:32.418: [INFO] CurrentProfilePath: G:\wb\2026-09-11-18-55-22\ai-hub\.edge-static\Default
2026-09-11 14:09:32.418: [INFO] Profiles total count: 1
2026-09-11 14:09:32.418: [INFO] Profile: name=用户配置 1 path=G:\wb\2026-09-11-18-55-22\ai-hub\.edge-static\Default lastActive=null
2026-09-11 14:09:32.418: [INFO] LastUsedProfileDir: G:\wb\2026-09-11-18-55-22\ai-hub\.edge-static\Default
2026-09-11 14:09:32.418: [INFO] VisibilityChanged: 0
2026-09-11 14:09:32.449: [INFO] RecordSyncInitDuration has_sync_been_enabled: 0 state: 0
2026-09-11 14:09:32.450: [INFO] RecordSyncInitDuration has_sync_been_enabled: 0 state: 0
2026-09-11 14:09:32.451: [INFO] RecordSyncInitDuration has_sync_been_enabled: 0 state: 0
2026-09-11 14:09:32.452: [INFO] RecordSyncInitDuration has_sync_been_enabled: 0 state: 0
2026-09-11 14:09:32.453: [INFO] RecordSyncInitDuration has_sync_been_enabled: 0 state: 0
2026-09-11 14:09:32.454: [INFO] RecordSyncInitDuration has_sync_been_enabled: 0 state: 0
2026-09-11 14:09:32.455: [INFO] RecordSyncInitDuration has_sync_been_enabled: 0 state: 0
2026-09-11 14:09:32.456: [INFO] RecordSyncInitDuration has_sync_been_enabled: 0 state: 0
2026-09-11 14:09:32.457: [INFO] RecordSyncInitDuration has_sync_been_enabled: 0 state: 0
2026-09-11 14:09:32.459: [INFO] RecordSyncInitDuration has_sync_been_enabled: 0 state: 0
2026-09-11 14:09:32.479: [INFO] RecordSyncInitDuration has_sync_been_enabled: 0 state: 0
2026-09-11 14:09:32.479: [INFO] OnDoneLoading sync enabled: 0
2026-09-11 14:09:32.479: [INFO] BookmarkModelLoaded, ids_reassigned: 0
2026-09-11 14:09:32.479: [INFO] BookmarksLoadDropped droppedNodes=0
2026-09-11 14:09:32.479: [INFO] BookmarksSnapshot Startup total=0 bar=0 other=0 mobile=0 showBar=0 showBarNTP=1
